// Jest Snapshot v1, https://goo.gl/fbAQLP

exports[`Text shape Creates a shape: text 1`] = `
{
  "childIndex": 1,
  "id": "text",
  "name": "Text",
  "parentId": "page",
  "point": [
    0,
    0,
  ],
  "rotation": 0,
  "style": {
    "color": "black",
    "dash": "draw",
    "font": "script",
    "isFilled": false,
    "scale": 1,
    "size": "small",
    "textAlign": "middle",
  },
  "text": " ",
  "type": "text",
}
`;
