// Jest Snapshot v1, https://goo.gl/fbAQLP

exports[`Group shape Creates a shape: group 1`] = `
{
  "childIndex": 1,
  "children": [],
  "id": "group",
  "name": "Group",
  "parentId": "page",
  "point": [
    0,
    0,
  ],
  "rotation": 0,
  "size": [
    100,
    100,
  ],
  "style": {
    "color": "black",
    "dash": "draw",
    "isFilled": false,
    "scale": 1,
    "size": "small",
  },
  "type": "group",
}
`;
