// Jest Snapshot v1, https://goo.gl/fbAQLP

exports[`Triangle shape Creates a shape: triangle 1`] = `
{
  "childIndex": 1,
  "id": "triangle",
  "label": "",
  "labelPoint": [
    0.5,
    0.5,
  ],
  "name": "Triangle",
  "parentId": "page",
  "point": [
    0,
    0,
  ],
  "rotation": 0,
  "size": [
    1,
    1,
  ],
  "style": {
    "color": "black",
    "dash": "draw",
    "isFilled": false,
    "scale": 1,
    "size": "small",
  },
  "type": "triangle",
}
`;
