// Jest Snapshot v1, https://goo.gl/fbAQLP

exports[`Rectangle shape Creates a shape: rectangle 1`] = `
{
  "childIndex": 1,
  "id": "rectangle",
  "label": "",
  "labelPoint": [
    0.5,
    0.5,
  ],
  "name": "Rectangle",
  "parentId": "page",
  "point": [
    0,
    0,
  ],
  "rotation": 0,
  "size": [
    1,
    1,
  ],
  "style": {
    "color": "black",
    "dash": "draw",
    "isFilled": false,
    "scale": 1,
    "size": "small",
  },
  "type": "rectangle",
}
`;
