// Jest Snapshot v1, https://goo.gl/fbAQLP

exports[`Draw shape Creates a shape: draw 1`] = `
{
  "childIndex": 1,
  "id": "draw",
  "isComplete": false,
  "name": "Draw",
  "parentId": "page",
  "point": [
    0,
    0,
  ],
  "points": [],
  "rotation": 0,
  "style": {
    "color": "black",
    "dash": "draw",
    "isFilled": false,
    "scale": 1,
    "size": "small",
  },
  "type": "draw",
}
`;
